2026-08-06 21:41:27:    ▲ Next.js 15.5.18
2026-08-06 21:41:27:    - Local:        http://localhost:3001
2026-08-06 21:41:27:    - Network:      http://192.168.0.134:3001
2026-08-06 21:41:27: 
2026-08-06 21:41:27:  ✓ Starting...
2026-08-06 21:41:28:  ✓ Ready in 976ms
2026-08-06 21:42:40:    ▲ Next.js 15.5.18
2026-08-06 21:42:40:    - Local:        http://localhost:3001
2026-08-06 21:42:40:    - Network:      http://192.168.0.134:3001
2026-08-06 21:42:40: 
2026-08-06 21:42:40:  ✓ Starting...
2026-08-06 21:42:40:  ✓ Ready in 836ms
2026-08-06 21:48:05:    ▲ Next.js 15.5.18
2026-08-06 21:48:05:    - Local:        http://localhost:3001
2026-08-06 21:48:05:    - Network:      http://192.168.0.134:3001
2026-08-06 21:48:05: 
2026-08-06 21:48:05:  ✓ Starting...
2026-08-06 21:48:05:  ✓ Ready in 812ms
2026-08-06 21:55:00:    ▲ Next.js 15.5.18
2026-08-06 21:55:00:    - Local:        http://localhost:3001
2026-08-06 21:55:00:    - Network:      http://192.168.0.134:3001
2026-08-06 21:55:00: 
2026-08-06 21:55:00:  ✓ Starting...
2026-08-06 21:55:00:  ✓ Ready in 862ms
2026-08-06 22:08:31:    ▲ Next.js 15.5.18
2026-08-06 22:08:31:    - Local:        http://localhost:3001
2026-08-06 22:08:31:    - Network:      http://192.168.0.134:3001
2026-08-06 22:08:31: 
2026-08-06 22:08:31:  ✓ Starting...
2026-08-06 22:08:32:  ✓ Ready in 881ms
2026-08-06 22:09:33:    ▲ Next.js 15.5.18
2026-08-06 22:09:33:    - Local:        http://localhost:3001
2026-08-06 22:09:33:    - Network:      http://192.168.0.134:3001
2026-08-06 22:09:33: 
2026-08-06 22:09:33:  ✓ Starting...
2026-08-06 22:09:33:  ✓ Ready in 818ms
2026-08-06 22:24:07:    ▲ Next.js 15.5.18
2026-08-06 22:24:07:    - Local:        http://localhost:3001
2026-08-06 22:24:07:    - Network:      http://192.168.0.134:3001
2026-08-06 22:24:07: 
2026-08-06 22:24:07:  ✓ Starting...
2026-08-06 22:24:08:  ✓ Ready in 833ms
2026-08-06 22:48:36:    ▲ Next.js 15.5.18
2026-08-06 22:48:36:    - Local:        http://localhost:3001
2026-08-06 22:48:36:    - Network:      http://192.168.0.134:3001
2026-08-06 22:48:36: 
2026-08-06 22:48:36:  ✓ Starting...
2026-08-06 22:48:37:  ✓ Ready in 826ms
2026-08-06 22:56:29:    ▲ Next.js 15.5.18
2026-08-06 22:56:29:    - Local:        http://localhost:3001
2026-08-06 22:56:29:    - Network:      http://192.168.0.134:3001
2026-08-06 22:56:29: 
2026-08-06 22:56:29:  ✓ Starting...
2026-08-06 22:56:29:  ✓ Ready in 948ms
2026-08-06 23:24:56:    ▲ Next.js 15.5.18
2026-08-06 23:24:56:    - Local:        http://localhost:3001
2026-08-06 23:24:56:    - Network:      http://192.168.0.134:3001
2026-08-06 23:24:56: 
2026-08-06 23:24:56:  ✓ Starting...
2026-08-06 23:24:58:  ✓ Ready in 1621ms
2026-08-11 09:12:36:    ▲ Next.js 15.5.18
2026-08-11 09:12:36:    - Local:        http://localhost:3001
2026-08-11 09:12:36:    - Network:      http://192.168.0.134:3001
2026-08-11 09:12:36: 
2026-08-11 09:12:36:  ✓ Starting...
2026-08-11 09:12:36:  ✓ Ready in 1025ms
2026-08-11 09:12:41:    ▲ Next.js 15.5.18
2026-08-11 09:12:41:    - Local:        http://localhost:3001
2026-08-11 09:12:41:    - Network:      http://192.168.0.134:3001
2026-08-11 09:12:41: 
2026-08-11 09:12:41:  ✓ Starting...
2026-08-11 09:12:41:  ✓ Ready in 844ms
2026-08-11 09:24:33:    ▲ Next.js 15.5.18
2026-08-11 09:24:33:    - Local:        http://localhost:3001
2026-08-11 09:24:33:    - Network:      http://192.168.0.134:3001
2026-08-11 09:24:33: 
2026-08-11 09:24:33:  ✓ Starting...
2026-08-11 09:24:34:  ✓ Ready in 840ms
2026-08-11 09:26:00:    ▲ Next.js 15.5.18
2026-08-11 09:26:00:    - Local:        http://localhost:3001
2026-08-11 09:26:00:    - Network:      http://192.168.0.134:3001
2026-08-11 09:26:00: 
2026-08-11 09:26:00:  ✓ Starting...
2026-08-11 09:26:00:  ✓ Ready in 820ms
2026-08-11 09:28:57:    ▲ Next.js 15.5.18
2026-08-11 09:28:57:    - Local:        http://localhost:3001
2026-08-11 09:28:57:    - Network:      http://192.168.0.134:3001
2026-08-11 09:28:57: 
2026-08-11 09:28:57:  ✓ Starting...
2026-08-11 09:28:57:  ✓ Ready in 833ms
2026-08-11 09:33:19:    ▲ Next.js 15.5.18
2026-08-11 09:33:19:    - Local:        http://localhost:3001
2026-08-11 09:33:19:    - Network:      http://192.168.0.134:3001
2026-08-11 09:33:19: 
2026-08-11 09:33:19:  ✓ Starting...
2026-08-11 09:33:20:  ✓ Ready in 807ms
2026-08-11 09:35:00:    ▲ Next.js 15.5.18
2026-08-11 09:35:00:    - Local:        http://localhost:3001
2026-08-11 09:35:00:    - Network:      http://192.168.0.134:3001
2026-08-11 09:35:00: 
2026-08-11 09:35:00:  ✓ Starting...
2026-08-11 09:35:01:  ✓ Ready in 824ms
2026-08-11 09:38:20:    ▲ Next.js 15.5.18
2026-08-11 09:38:20:    - Local:        http://localhost:3001
2026-08-11 09:38:20:    - Network:      http://192.168.0.134:3001
2026-08-11 09:38:20: 
2026-08-11 09:38:20:  ✓ Starting...
2026-08-11 09:38:20:  ✓ Ready in 825ms
2026-08-11 09:40:21:    ▲ Next.js 15.5.18
2026-08-11 09:40:21:    - Local:        http://localhost:3001
2026-08-11 09:40:21:    - Network:      http://192.168.0.134:3001
2026-08-11 09:40:21: 
2026-08-11 09:40:21:  ✓ Starting...
2026-08-11 09:40:21:  ✓ Ready in 824ms
2026-08-11 09:46:53:    ▲ Next.js 15.5.18
2026-08-11 09:46:53:    - Local:        http://localhost:3001
2026-08-11 09:46:53:    - Network:      http://192.168.0.134:3001
2026-08-11 09:46:53: 
2026-08-11 09:46:53:  ✓ Starting...
2026-08-11 09:46:53:  ✓ Ready in 843ms
2026-08-11 09:50:02:    ▲ Next.js 15.5.18
2026-08-11 09:50:02:    - Local:        http://localhost:3001
2026-08-11 09:50:02:    - Network:      http://192.168.0.134:3001
2026-08-11 09:50:02: 
2026-08-11 09:50:02:  ✓ Starting...
2026-08-11 09:50:03:  ✓ Ready in 812ms
2026-08-11 09:56:09:    ▲ Next.js 15.5.18
2026-08-11 09:56:09:    - Local:        http://localhost:3001
2026-08-11 09:56:09:    - Network:      http://192.168.0.134:3001
2026-08-11 09:56:09: 
2026-08-11 09:56:09:  ✓ Starting...
2026-08-11 09:56:10:  ✓ Ready in 809ms
2026-08-11 10:26:29:    ▲ Next.js 15.5.18
2026-08-11 10:26:29:    - Local:        http://localhost:3001
2026-08-11 10:26:29:    - Network:      http://192.168.0.134:3001
2026-08-11 10:26:29: 
2026-08-11 10:26:29:  ✓ Starting...
2026-08-11 10:26:30:  ✓ Ready in 835ms
